[     834ms] [INFO] %cDownload the React DevTools for a better development experience: https://react.dev/link/react-devtools font-weight:bold @ http://localhost:3012/_next/static/chunks/node_modules_next_dist_1e8vcs8._.js:776
[     895ms] [LOG] [HMR] connected @ http://localhost:3012/_next/static/chunks/node_modules_next_dist_1e8vcs8._.js:776
[    1145ms] [WARNING] Image with src "http://localhost:3012/brand/innflow-wordmark.svg" has either width or height modified, but not the other. If you use CSS to change the size of your image, also include the styles 'width: "auto"' or 'height: "auto"' to maintain the aspect ratio. @ http://localhost:3012/_next/static/chunks/node_modules_next_dist_1e8vcs8._.js:776
[    1145ms] [WARNING] Image with src "https://neeed.directory/badges/neeed-badge-light.svg" has either width or height modified, but not the other. If you use CSS to change the size of your image, also include the styles 'width: "auto"' or 'height: "auto"' to maintain the aspect ratio. @ http://localhost:3012/_next/static/chunks/node_modules_next_dist_1e8vcs8._.js:776
[    1202ms] [WARNING] Image with src "https://www.techtrendin.com/badges/featured-light.png" has either width or height modified, but not the other. If you use CSS to change the size of your image, also include the styles 'width: "auto"' or 'height: "auto"' to maintain the aspect ratio. @ http://localhost:3012/_next/static/chunks/node_modules_next_dist_1e8vcs8._.js:776
[    1202ms] [WARNING] Image with src "https://huzzler.so/assets/images/embeddable-badges/featured.png" has either width or height modified, but not the other. If you use CSS to change the size of your image, also include the styles 'width: "auto"' or 'height: "auto"' to maintain the aspect ratio. @ http://localhost:3012/_next/static/chunks/node_modules_next_dist_1e8vcs8._.js:776
[    1213ms] [LOG] [Fast Refresh] rebuilding @ http://localhost:3012/_next/static/chunks/node_modules_next_dist_1e8vcs8._.js:776
[    1366ms] [WARNING] [Termly] Termly ResourceBlocker is not the first script on the page. You might not be blocking unapproved content. @ http://localhost:3012/_next/static/chunks/node_modules_next_dist_1e8vcs8._.js:776
[    1572ms] [LOG] [Fast Refresh] done in 505ms @ http://localhost:3012/_next/static/chunks/node_modules_next_dist_1e8vcs8._.js:776
[    5888ms] [WARNING] The resource http://localhost:3012/_next/static/chunks/src_components_12ptygq._.css was preloaded using link preload but not used within a few seconds from the window's load event. Please make sure it has an appropriate `as` value and it is preloaded intentionally. @ http://localhost:3012/:0
[   18824ms] [WARNING] The resource http://localhost:3012/_next/static/chunks/src_components_12ptygq._.css was preloaded using link preload but not used within a few seconds from the window's load event. Please make sure it has an appropriate `as` value and it is preloaded intentionally. @ http://localhost:3012/:0
[   40150ms] [WARNING] The resource http://localhost:3012/_next/static/chunks/src_components_12ptygq._.css was preloaded using link preload but not used within a few seconds from the window's load event. Please make sure it has an appropriate `as` value and it is preloaded intentionally. @ http://localhost:3012/:0
[   66507ms] [LOG] [Fast Refresh] rebuilding @ http://localhost:3012/_next/static/chunks/node_modules_next_dist_1e8vcs8._.js:776
[   66996ms] [LOG] [Fast Refresh] done in 589ms @ http://localhost:3012/_next/static/chunks/node_modules_next_dist_1e8vcs8._.js:776
[   67815ms] [INFO] %cDownload the React DevTools for a better development experience: https://react.dev/link/react-devtools font-weight:bold @ http://localhost:3012/_next/static/chunks/node_modules_next_dist_1e8vcs8._.js:776
[   67850ms] [LOG] [HMR] connected @ http://localhost:3012/_next/static/chunks/node_modules_next_dist_1e8vcs8._.js:776
[   67961ms] [WARNING] Image with src "/brand/homepage/01.webp" was detected as the Largest Contentful Paint (LCP). Please add the `loading="eager"` property if this image is above the fold.
Read more: https://nextjs.org/docs/app/api-reference/components/image#loading @ http://localhost:3012/_next/static/chunks/node_modules_next_dist_1e8vcs8._.js:776
[   68020ms] [WARNING] Image with src "http://localhost:3012/brand/innflow-wordmark.svg" has either width or height modified, but not the other. If you use CSS to change the size of your image, also include the styles 'width: "auto"' or 'height: "auto"' to maintain the aspect ratio. @ http://localhost:3012/_next/static/chunks/node_modules_next_dist_1e8vcs8._.js:776
[   68020ms] [WARNING] Image with src "https://neeed.directory/badges/neeed-badge-light.svg" has either width or height modified, but not the other. If you use CSS to change the size of your image, also include the styles 'width: "auto"' or 'height: "auto"' to maintain the aspect ratio. @ http://localhost:3012/_next/static/chunks/node_modules_next_dist_1e8vcs8._.js:776
[   68107ms] [WARNING] [Termly] Termly ResourceBlocker is not the first script on the page. You might not be blocking unapproved content. @ http://localhost:3012/_next/static/chunks/node_modules_next_dist_1e8vcs8._.js:776
[   68129ms] [WARNING] Image with src "https://www.techtrendin.com/badges/featured-light.png" has either width or height modified, but not the other. If you use CSS to change the size of your image, also include the styles 'width: "auto"' or 'height: "auto"' to maintain the aspect ratio. @ http://localhost:3012/_next/static/chunks/node_modules_next_dist_1e8vcs8._.js:776
[   68129ms] [WARNING] Image with src "https://huzzler.so/assets/images/embeddable-badges/featured.png" has either width or height modified, but not the other. If you use CSS to change the size of your image, also include the styles 'width: "auto"' or 'height: "auto"' to maintain the aspect ratio. @ http://localhost:3012/_next/static/chunks/node_modules_next_dist_1e8vcs8._.js:776
[   68254ms] [LOG] [Fast Refresh] rebuilding @ http://localhost:3012/_next/static/chunks/node_modules_next_dist_1e8vcs8._.js:776
[   68291ms] [LOG] [Fast Refresh] done in 137ms @ http://localhost:3012/_next/static/chunks/node_modules_next_dist_1e8vcs8._.js:776
[   68565ms] [LOG] [Fast Refresh] rebuilding @ http://localhost:3012/_next/static/chunks/node_modules_next_dist_1e8vcs8._.js:776
[   68624ms] [LOG] [Fast Refresh] done in 161ms @ http://localhost:3012/_next/static/chunks/node_modules_next_dist_1e8vcs8._.js:776
[   68875ms] [LOG] [Fast Refresh] rebuilding @ http://localhost:3012/_next/static/chunks/node_modules_next_dist_1e8vcs8._.js:776
[   69247ms] [LOG] [Fast Refresh] done in 473ms @ http://localhost:3012/_next/static/chunks/node_modules_next_dist_1e8vcs8._.js:776
[   82874ms] [LOG] [Fast Refresh] rebuilding @ http://localhost:3012/_next/static/chunks/node_modules_next_dist_1e8vcs8._.js:776
[   83426ms] [LOG] [Fast Refresh] done in 653ms @ http://localhost:3012/_next/static/chunks/node_modules_next_dist_1e8vcs8._.js:776
[   84665ms] [LOG] [Fast Refresh] rebuilding @ http://localhost:3012/_next/static/chunks/node_modules_next_dist_1e8vcs8._.js:776
[   84683ms] [LOG] [Fast Refresh] done in 119ms @ http://localhost:3012/_next/static/chunks/node_modules_next_dist_1e8vcs8._.js:776
[   98850ms] [LOG] [Fast Refresh] rebuilding @ http://localhost:3012/_next/static/chunks/node_modules_next_dist_1e8vcs8._.js:776
[   99180ms] [LOG] [Fast Refresh] done in 432ms @ http://localhost:3012/_next/static/chunks/node_modules_next_dist_1e8vcs8._.js:776
[  104766ms] [LOG] [Fast Refresh] rebuilding @ http://localhost:3012/_next/static/chunks/node_modules_next_dist_1e8vcs8._.js:776
[  105017ms] [LOG] [Fast Refresh] done in 353ms @ http://localhost:3012/_next/static/chunks/node_modules_next_dist_1e8vcs8._.js:776
[  107872ms] [WARNING] The resource http://localhost:3012/_next/static/chunks/src_components_12ptygq._.css was preloaded using link preload but not used within a few seconds from the window's load event. Please make sure it has an appropriate `as` value and it is preloaded intentionally. @ http://localhost:3012/:0
[  119562ms] [WARNING] The resource http://localhost:3012/_next/static/chunks/src_components_12ptygq._.css was preloaded using link preload but not used within a few seconds from the window's load event. Please make sure it has an appropriate `as` value and it is preloaded intentionally. @ http://localhost:3012/:0
[  126830ms] [INFO] %cDownload the React DevTools for a better development experience: https://react.dev/link/react-devtools font-weight:bold @ http://localhost:3012/_next/static/chunks/node_modules_next_dist_1e8vcs8._.js:776
[  126863ms] [LOG] [HMR] connected @ http://localhost:3012/_next/static/chunks/node_modules_next_dist_1e8vcs8._.js:776
[  126893ms] [WARNING] You have Reduced Motion enabled on your device. Animations may not appear as expected.. For more information and steps for solving, visit https://motion.dev/troubleshooting/reduced-motion-disabled @ http://localhost:3012/_next/static/chunks/node_modules_next_dist_1e8vcs8._.js:776
[  126990ms] [WARNING] Image with src "http://localhost:3012/brand/innflow-wordmark.svg" has either width or height modified, but not the other. If you use CSS to change the size of your image, also include the styles 'width: "auto"' or 'height: "auto"' to maintain the aspect ratio. @ http://localhost:3012/_next/static/chunks/node_modules_next_dist_1e8vcs8._.js:776
[  126991ms] [WARNING] Image with src "https://neeed.directory/badges/neeed-badge-light.svg" has either width or height modified, but not the other. If you use CSS to change the size of your image, also include the styles 'width: "auto"' or 'height: "auto"' to maintain the aspect ratio. @ http://localhost:3012/_next/static/chunks/node_modules_next_dist_1e8vcs8._.js:776
[  127027ms] [WARNING] [Termly] Termly ResourceBlocker is not the first script on the page. You might not be blocking unapproved content. @ http://localhost:3012/_next/static/chunks/node_modules_next_dist_1e8vcs8._.js:776
[  127047ms] [WARNING] Image with src "https://www.techtrendin.com/badges/featured-light.png" has either width or height modified, but not the other. If you use CSS to change the size of your image, also include the styles 'width: "auto"' or 'height: "auto"' to maintain the aspect ratio. @ http://localhost:3012/_next/static/chunks/node_modules_next_dist_1e8vcs8._.js:776
[  127048ms] [WARNING] Image with src "https://huzzler.so/assets/images/embeddable-badges/featured.png" has either width or height modified, but not the other. If you use CSS to change the size of your image, also include the styles 'width: "auto"' or 'height: "auto"' to maintain the aspect ratio. @ http://localhost:3012/_next/static/chunks/node_modules_next_dist_1e8vcs8._.js:776
[  130802ms] [WARNING] The resource http://localhost:3012/_next/static/chunks/src_components_12ptygq._.css was preloaded using link preload but not used within a few seconds from the window's load event. Please make sure it has an appropriate `as` value and it is preloaded intentionally. @ http://localhost:3012/:0
[  141310ms] [INFO] %cDownload the React DevTools for a better development experience: https://react.dev/link/react-devtools font-weight:bold @ http://localhost:3012/_next/static/chunks/node_modules_next_dist_1e8vcs8._.js:776
[  141329ms] [LOG] [HMR] connected @ http://localhost:3012/_next/static/chunks/node_modules_next_dist_1e8vcs8._.js:776
[  141453ms] [WARNING] Image with src "http://localhost:3012/brand/innflow-wordmark.svg" has either width or height modified, but not the other. If you use CSS to change the size of your image, also include the styles 'width: "auto"' or 'height: "auto"' to maintain the aspect ratio. @ http://localhost:3012/_next/static/chunks/node_modules_next_dist_1e8vcs8._.js:776
[  141453ms] [WARNING] Image with src "https://neeed.directory/badges/neeed-badge-light.svg" has either width or height modified, but not the other. If you use CSS to change the size of your image, also include the styles 'width: "auto"' or 'height: "auto"' to maintain the aspect ratio. @ http://localhost:3012/_next/static/chunks/node_modules_next_dist_1e8vcs8._.js:776
[  141507ms] [WARNING] [Termly] Termly ResourceBlocker is not the first script on the page. You might not be blocking unapproved content. @ http://localhost:3012/_next/static/chunks/node_modules_next_dist_1e8vcs8._.js:776
[  141517ms] [WARNING] Image with src "https://www.techtrendin.com/badges/featured-light.png" has either width or height modified, but not the other. If you use CSS to change the size of your image, also include the styles 'width: "auto"' or 'height: "auto"' to maintain the aspect ratio. @ http://localhost:3012/_next/static/chunks/node_modules_next_dist_1e8vcs8._.js:776
[  141517ms] [WARNING] Image with src "https://huzzler.so/assets/images/embeddable-badges/featured.png" has either width or height modified, but not the other. If you use CSS to change the size of your image, also include the styles 'width: "auto"' or 'height: "auto"' to maintain the aspect ratio. @ http://localhost:3012/_next/static/chunks/node_modules_next_dist_1e8vcs8._.js:776
[  170828ms] [WARNING] The resource http://localhost:3012/_next/static/chunks/src_components_12ptygq._.css was preloaded using link preload but not used within a few seconds from the window's load event. Please make sure it has an appropriate `as` value and it is preloaded intentionally. @ http://localhost:3012/:0
[  178586ms] [WARNING] The resource http://localhost:3012/_next/static/chunks/src_components_12ptygq._.css was preloaded using link preload but not used within a few seconds from the window's load event. Please make sure it has an appropriate `as` value and it is preloaded intentionally. @ http://localhost:3012/:0
